#-----------------------------------------------------------
# Vivado v2017.4 (64-bit)
# SW Build 2086221 on Fri Dec 15 20:55:39 MST 2017
# IP Build 2085800 on Fri Dec 15 22:25:07 MST 2017
# Start of session at: Thu Jun  3 18:34:08 2021
# Process ID: 34680
# Current directory: F:/Desk/Success Vivado/EXP010
# Command line: vivado.exe -gui_launcher_event rodinguilauncherevent31252 F:\Desk\Success Vivado\EXP010\OExp05_CPU.xpr
# Log file: F:/Desk/Success Vivado/EXP010/vivado.log
# Journal file: F:/Desk/Success Vivado/EXP010\vivado.jou
#-----------------------------------------------------------
start_gui
open_project {F:/Desk/Success Vivado/EXP010/OExp05_CPU.xpr}
update_compile_order -fileset sources_1
file mkdir F:/Desk/Success Vivado/EXP010/OExp05_CPU.srcs/sim_1/new
file mkdir F:/Desk/Success Vivado/EXP010/OExp05_CPU.srcs/sim_1/new
file mkdir F:/Desk/Success Vivado/EXP010/OExp05_CPU.srcs/sim_1/new
file mkdir F:/Desk/Success Vivado/EXP010/OExp05_CPU.srcs/sim_1/new
file mkdir F:/Desk/Success Vivado/EXP010/OExp05_CPU.srcs/sim_1/new
set_property SOURCE_SET sources_1 [get_filesets sim_1]
file mkdir F:/Desk/Success Vivado/EXP010/OExp05_CPU.srcs/sim_1/new
file mkdir {F:/Desk/Success Vivado/EXP010/OExp05_CPU.srcs/sim_1/new}
close [ open {F:/Desk/Success Vivado/EXP010/OExp05_CPU.srcs/sim_1/new/sim.v} w ]
add_files -fileset sim_1 {{F:/Desk/Success Vivado/EXP010/OExp05_CPU.srcs/sim_1/new/sim.v}}
update_compile_order -fileset sim_1
launch_simulation
# Disabling source management mode.  This is to allow the top design properties to be set without GUI intervention.
set_property source_mgmt_mode None [current_project]
set_property top sim [get_filesets sim_1]
set_property top_lib xil_defaultlib [get_filesets sim_1]
# Re-enabling previously disabled source management mode.
set_property source_mgmt_mode All [current_project]
update_compile_order -fileset sim_1
# Disabling source management mode.  This is to allow the top design properties to be set without GUI intervention.
set_property source_mgmt_mode None [current_project]
set_property top RV32IPDP_C [current_fileset]
# Re-enabling previously disabled source management mode.
set_property source_mgmt_mode All [current_project]
update_compile_order -fileset sources_1
launch_simulation
source sim.tcl
close_sim
launch_simulation
source sim.tcl
close_sim
