#-----------------------------------------------------------
# Vivado v2017.4 (64-bit)
# SW Build 2086221 on Fri Dec 15 20:55:39 MST 2017
# IP Build 2085800 on Fri Dec 15 22:25:07 MST 2017
# Start of session at: Fri Mar  5 10:48:37 2021
# Process ID: 10360
# Current directory: F:/Desk/MUX2T1_5
# Command line: vivado.exe -gui_launcher_event rodinguilauncherevent9552 F:\Desk\MUX2T1_5\MUX2T1_5.xpr
# Log file: F:/Desk/MUX2T1_5/vivado.log
# Journal file: F:/Desk/MUX2T1_5\vivado.jou
#-----------------------------------------------------------
start_gui
open_project F:/Desk/MUX2T1_5/MUX2T1_5.xpr
update_compile_order -fileset sources_1
file mkdir F:/Desk/MUX2T1_5/MUX2T1_5.srcs/sim_1/new
set_property SOURCE_SET sources_1 [get_filesets sim_1]
close [ open F:/Desk/MUX2T1_5/MUX2T1_5.srcs/sim_1/new/MUX2T1_5_sim.v w ]
add_files -fileset sim_1 F:/Desk/MUX2T1_5/MUX2T1_5.srcs/sim_1/new/MUX2T1_5_sim.v
update_compile_order -fileset sim_1
# Disabling source management mode.  This is to allow the top design properties to be set without GUI intervention.
set_property source_mgmt_mode None [current_project]
set_property top MUX2T1_5_sim [get_filesets sim_1]
set_property top_lib xil_defaultlib [get_filesets sim_1]
# Re-enabling previously disabled source management mode.
set_property source_mgmt_mode All [current_project]
update_compile_order -fileset sim_1
# Disabling source management mode.  This is to allow the top design properties to be set without GUI intervention.
set_property source_mgmt_mode None [current_project]
set_property top MUX2T1_5 [get_filesets sim_1]
set_property top_lib xil_defaultlib [get_filesets sim_1]
# Re-enabling previously disabled source management mode.
set_property source_mgmt_mode All [current_project]
update_compile_order -fileset sim_1
launch_simulation
source MUX2T1_5.tcl
close_sim
launch_simulation
source MUX2T1_5.tcl
close_sim
launch_simulation
source MUX2T1_5.tcl
close_sim
# Disabling source management mode.  This is to allow the top design properties to be set without GUI intervention.
set_property source_mgmt_mode None [current_project]
set_property top MUX2T1_5_sim [get_filesets sim_1]
set_property top_lib xil_defaultlib [get_filesets sim_1]
# Re-enabling previously disabled source management mode.
set_property source_mgmt_mode All [current_project]
update_compile_order -fileset sim_1
launch_simulation
source MUX2T1_5_sim.tcl
restart
run all
close_sim
launch_simulation
source MUX2T1_5_sim.tcl
restart
run all
run all
run all
run all
run all
run all
run all
run all
run all
run all
run all
run all
run all
run all
run all
run all
run all
close_sim
launch_simulation
source MUX2T1_5_sim.tcl
close_sim
launch_simulation
source MUX2T1_5_sim.tcl
close_sim
launch_simulation
source MUX2T1_5_sim.tcl
close_sim
launch_simulation
source MUX2T1_5_sim.tcl
close_sim
