#-----------------------------------------------------------
# Vivado v2017.4 (64-bit)
# SW Build 2086221 on Fri Dec 15 20:55:39 MST 2017
# IP Build 2085800 on Fri Dec 15 22:25:07 MST 2017
# Start of session at: Mon Apr 12 18:09:13 2021
# Process ID: 26008
# Current directory: F:/Desk/RSDP9
# Command line: vivado.exe -gui_launcher_event rodinguilauncherevent17176 F:\Desk\RSDP9\RSDP9.xpr
# Log file: F:/Desk/RSDP9/vivado.log
# Journal file: F:/Desk/RSDP9\vivado.jou
#-----------------------------------------------------------
start_gui
open_project F:/Desk/RSDP9/RSDP9.xpr
update_compile_order -fileset sources_1
import_files -norecurse {{F:/Desk/Success Vivado/models/models.srcs/sources_1/imports/new/MUX4T1_32.v}}
update_compile_order -fileset sources_1
close [ open F:/Desk/RSDP9/RSDP9.srcs/sources_1/new/MUX2T1_32.v w ]
add_files F:/Desk/RSDP9/RSDP9.srcs/sources_1/new/MUX2T1_32.v
update_compile_order -fileset sources_1
close [ open F:/Desk/RSDP9/RSDP9.srcs/sources_1/new/ImmGen.v w ]
add_files F:/Desk/RSDP9/RSDP9.srcs/sources_1/new/ImmGen.v
update_compile_order -fileset sources_1
update_compile_order -fileset sources_1
update_compile_order -fileset sources_1
import_files -norecurse F:/Desk/RSDP9/RSDP9.srcs/sources_1/new/ImmGen.v
# Disabling source management mode.  This is to allow the top design properties to be set without GUI intervention.
set_property source_mgmt_mode None [current_project]
set_property top RSDP9 [current_fileset]
# Re-enabling previously disabled source management mode.
set_property source_mgmt_mode All [current_project]
update_compile_order -fileset sources_1
import_files -norecurse {{F:/Desk/Success Vivado/ALU_5359/ALU_5359.srcs/sources_1/imports/ALU_5359/addc_32/addc_32.srcs/sources_1/imports/new/ADC32.v}}
update_compile_order -fileset sources_1
update_compile_order -fileset sources_1
update_compile_order -fileset sources_1
launch_runs synth_1 -jobs 16
wait_on_run synth_1
import_files -norecurse {{F:/Desk/Success Vivado/ALU_5359/ALU_5359.srcs/sources_1/imports/ALU_5359/addc_32/addc_32.srcs/sources_1/imports/new/adc.v}}
update_compile_order -fileset sources_1
reset_run synth_1
launch_runs synth_1 -jobs 16
wait_on_run synth_1
update_compile_order -fileset sources_1
reset_run synth_1
launch_runs synth_1 -jobs 16
wait_on_run synth_1
reset_run synth_1
launch_runs impl_1 -jobs 16
wait_on_run impl_1
reset_run synth_1
launch_runs impl_1 -jobs 16
wait_on_run impl_1
reset_run synth_1
launch_runs impl_1 -jobs 16
wait_on_run impl_1
open_run impl_1
