#-----------------------------------------------------------
# Vivado v2017.4 (64-bit)
# SW Build 2086221 on Fri Dec 15 20:55:39 MST 2017
# IP Build 2085800 on Fri Dec 15 22:25:07 MST 2017
# Start of session at: Tue Jun  8 16:07:27 2021
# Process ID: 40192
# Current directory: F:/Desk/Success Vivado/EXP012
# Command line: vivado.exe -gui_launcher_event rodinguilauncherevent39608 F:\Desk\Success Vivado\EXP012\OExp05_CPU.xpr
# Log file: F:/Desk/Success Vivado/EXP012/vivado.log
# Journal file: F:/Desk/Success Vivado/EXP012\vivado.jou
#-----------------------------------------------------------
start_gui
open_project {F:/Desk/Success Vivado/EXP012/OExp05_CPU.xpr}
update_compile_order -fileset sources_1
open_hw
connect_hw_server
open_hw_target
set_property PROGRAM.FILE {F:/Desk/Success Vivado/EXP012/OExp05_CPU.runs/impl_1/OEXp05_CPU.bit} [get_hw_devices xc7k160t_0]
current_hw_device [get_hw_devices xc7k160t_0]
refresh_hw_device -update_hw_probes false [lindex [get_hw_devices xc7k160t_0] 0]
set_property PROBES.FILE {} [get_hw_devices xc7k160t_0]
set_property FULL_PROBES.FILE {} [get_hw_devices xc7k160t_0]
set_property PROGRAM.FILE {F:/Desk/Success Vivado/EXP012/OExp05_CPU.runs/impl_1/OEXp05_CPU.bit} [get_hw_devices xc7k160t_0]
program_hw_devices [get_hw_devices xc7k160t_0]
refresh_hw_device [lindex [get_hw_devices xc7k160t_0] 0]
set_property PROBES.FILE {} [get_hw_devices xc7k160t_0]
set_property FULL_PROBES.FILE {} [get_hw_devices xc7k160t_0]
set_property PROGRAM.FILE {F:/Desk/Success Vivado/EXP012/OExp05_CPU.runs/impl_1/OEXp05_CPU.bit} [get_hw_devices xc7k160t_0]
program_hw_devices [get_hw_devices xc7k160t_0]
refresh_hw_device [lindex [get_hw_devices xc7k160t_0] 0]
