#-----------------------------------------------------------
# Vivado v2017.4 (64-bit)
# SW Build 2086221 on Fri Dec 15 20:55:39 MST 2017
# IP Build 2085800 on Fri Dec 15 22:25:07 MST 2017
# Start of session at: Tue Mar 30 17:12:48 2021
# Process ID: 22388
# Current directory: F:/Desk/Success Vivado/OExp3_HDL
# Command line: vivado.exe -gui_launcher_event rodinguilauncherevent24192 F:\Desk\Success Vivado\OExp3_HDL\OExp_HDL.xpr
# Log file: F:/Desk/Success Vivado/OExp3_HDL/vivado.log
# Journal file: F:/Desk/Success Vivado/OExp3_HDL\vivado.jou
#-----------------------------------------------------------
start_gui
open_project {F:/Desk/Success Vivado/OExp3_HDL/OExp_HDL.xpr}
open_hw
update_compile_order -fileset sources_1
connect_hw_server
open_hw_target
set_property PROGRAM.FILE {F:/Desk/Success Vivado/OExp3_HDL/OExp_HDL.runs/impl_1/CSTE_RISCVEDF.bit} [get_hw_devices xc7k160t_0]
current_hw_device [get_hw_devices xc7k160t_0]
refresh_hw_device -update_hw_probes false [lindex [get_hw_devices xc7k160t_0] 0]
