Copyright 1986-2017 Xilinx, Inc. All Rights Reserved.
---------------------------------------------------------------------------------------
| Tool Version : Vivado v.2017.4 (win64) Build 2086221 Fri Dec 15 20:55:39 MST 2017
| Date         : Tue Jun 22 15:31:00 2021
| Host         : LAPTOP-0HOK14LD running 64-bit major release  (build 9200)
| Command      : report_control_sets -verbose -file OEXp05_CPU_control_sets_placed.rpt
| Design       : OEXp05_CPU
| Device       : xc7k160t
---------------------------------------------------------------------------------------

Control Set Information

Table of Contents
-----------------
1. Summary
2. Flip-Flop Distribution
3. Detailed Control Set Information

1. Summary
----------

+----------------------------------------------------------+-------+
|                          Status                          | Count |
+----------------------------------------------------------+-------+
| Number of unique control sets                            |    74 |
| Unused register locations in slices containing registers |   136 |
+----------------------------------------------------------+-------+


2. Flip-Flop Distribution
-------------------------

+--------------+-----------------------+------------------------+-----------------+--------------+
| Clock Enable | Synchronous Set/Reset | Asynchronous Set/Reset | Total Registers | Total Slices |
+--------------+-----------------------+------------------------+-----------------+--------------+
| No           | No                    | No                     |             192 |           92 |
| No           | No                    | Yes                    |              42 |           13 |
| No           | Yes                   | No                     |              43 |           19 |
| Yes          | No                    | No                     |             249 |          117 |
| Yes          | No                    | Yes                    |            1082 |          600 |
| Yes          | Yes                   | No                     |              80 |           25 |
+--------------+-----------------------+------------------------+-----------------+--------------+


3. Detailed Control Set Information
-----------------------------------

+--------------------------------+-------------------------------------+---------------------------------+------------------+----------------+
|          Clock Signal          |            Enable Signal            |         Set/Reset Signal        | Slice Load Count | Bel Load Count |
+--------------------------------+-------------------------------------+---------------------------------+------------------+----------------+
|  U1/U1_1/ImmSel_reg[1]_i_1_n_0 |                                     |                                 |                1 |              2 |
|  U6/PT7SEG/sh_clk              |                                     |                                 |                2 |              2 |
|  U8/clk_BUFG                   |                                     | U9/rst                          |                2 |              3 |
|  DIVO_BUFG[1]                  |                                     |                                 |                3 |              3 |
|  clk_100mhz_IBUF_BUFG          |                                     | U11/U12/strdata_reg[48]         |                3 |              4 |
|  U9/clk1                       | U9/KCODE[4]_i_1_n_0                 |                                 |                1 |              4 |
|  U9/clk1                       | U9/pulse[3]_i_2_n_0                 |                                 |                1 |              4 |
|  clk_100mhz_IBUF_BUFG          | M4/Ai[15]_i_1_n_0                   |                                 |                2 |              4 |
|  clk_100mhz_IBUF_BUFG          | M4/Ai[11]_i_1_n_0                   |                                 |                3 |              4 |
|  clk_100mhz_IBUF_BUFG          | M4/Ai[23]_i_1_n_0                   |                                 |                2 |              4 |
|  clk_100mhz_IBUF_BUFG          | M4/Ai[27]_i_1_n_0                   |                                 |                3 |              4 |
|  clk_100mhz_IBUF_BUFG          | M4/Ai[19]_i_1_n_0                   |                                 |                2 |              4 |
|  clk_100mhz_IBUF_BUFG          | M4/Ai[3]_i_1_n_0                    |                                 |                1 |              4 |
|  clk_100mhz_IBUF_BUFG          | M4/Ai[31]_i_1_n_0                   |                                 |                2 |              4 |
|  clk_100mhz_IBUF_BUFG          | M4/Ai[7]_i_1_n_0                    |                                 |                2 |              4 |
|  U8/clk_BUFG                   |                                     |                                 |                1 |              5 |
|  clk_100mhz_IBUF_BUFG          | U11/U12/ascii_code_reg[0]_inv_0     | U11/U12/ascii_code_reg[0]_inv_1 |                5 |              6 |
|  clk_100mhz_IBUF_BUFG          |                                     | U9/rst                          |                3 |              7 |
| ~U8/clk_BUFG                   | U4/GPIO_W0204                       |                                 |                5 |              8 |
|  U9/clk1                       |                                     |                                 |                4 |              9 |
|  clk_100mhz_IBUF_BUFG          |                                     | U11/U12/Debug_addr[0]           |                3 |              9 |
|  DIVO_BUFG[1]                  | U11/U12/v_count                     |                                 |                3 |             10 |
|  DIVO_BUFG[1]                  |                                     | U11/U12/rdn_reg_n_0             |                4 |             12 |
|  U7/PTLED/sh_clk               | U7/PTLED/Q[16]_i_1_n_0              |                                 |                6 |             17 |
|  clk_100mhz_IBUF_BUFG          | U9/SWO[15]_i_1_n_0                  |                                 |                5 |             17 |
|  DIVO_BUFG[1]                  |                                     | U11/U12/h_count[9]_i_1_n_0      |                9 |             18 |
|  U9/clk1                       | U9/sel                              | U9/counter0                     |                6 |             21 |
|  clk_100mhz_IBUF_BUFG          | U9/counter1[0]_i_2_n_0              | U9/counter1[0]_i_1_n_0          |                6 |             21 |
| ~U8/clk_BUFG                   | U4/GPIO_W0200                       | U9/rst                          |                7 |             26 |
| ~clk_100mhz_IBUF_BUFG          | U11/U12/E[0]                        |                                 |               22 |             30 |
|  CPUClk_BUFG                   | U2/register_reg[22][31][0]          | U9/rst                          |               17 |             32 |
|  CPUClk_BUFG                   | U2/register_reg[29][31][0]          | U9/rst                          |               21 |             32 |
|  CPUClk_BUFG                   | U2/register_reg[4][31][0]           | U9/rst                          |               17 |             32 |
|  CPUClk_BUFG                   | U2/register_reg[13][31][0]          | U9/rst                          |               14 |             32 |
|  CPUClk_BUFG                   | U2/register_reg[20][31][0]          | U9/rst                          |               16 |             32 |
|  CPUClk_BUFG                   | U2/register_reg[30][31][0]          | U9/rst                          |               26 |             32 |
|  CPUClk_BUFG                   | U2/register_reg[16][31][0]          | U9/rst                          |               15 |             32 |
|  CPUClk_BUFG                   | U2/register_reg[19][31][0]          | U9/rst                          |               16 |             32 |
|  CPUClk_BUFG                   | U2/register_reg[24][31][0]          | U9/rst                          |               18 |             32 |
|  CPUClk_BUFG                   | U2/register_reg[8][31][0]           | U9/rst                          |               19 |             32 |
|  CPUClk_BUFG                   | U2/register_reg[12][31][0]          | U9/rst                          |               13 |             32 |
|  CPUClk_BUFG                   | U2/register_reg[25][31][0]          | U9/rst                          |               18 |             32 |
|  CPUClk_BUFG                   | U2/register_reg[5][31][0]           | U9/rst                          |               15 |             32 |
|  CPUClk_BUFG                   | U2/register_reg[6][31][0]           | U9/rst                          |               17 |             32 |
|  CPUClk_BUFG                   | U2/register_reg[18][31][0]          | U9/rst                          |               13 |             32 |
|  CPUClk_BUFG                   | U2/register_reg[21][31][0]          | U9/rst                          |               22 |             32 |
|  CPUClk_BUFG                   | U2/register_reg[28][31][0]          | U9/rst                          |               17 |             32 |
|  CPUClk_BUFG                   | U2/register_reg[17][31][0]          | U9/rst                          |               14 |             32 |
|  CPUClk_BUFG                   | U2/register_reg[23][31][0]          | U9/rst                          |               20 |             32 |
|  CPUClk_BUFG                   | U2/register_reg[31][31][0]          | U9/rst                          |               28 |             32 |
|  CPUClk_BUFG                   | U2/register_reg[3][31][0]           | U9/rst                          |               15 |             32 |
|  CPUClk_BUFG                   | U2/register_reg[10][31][0]          | U9/rst                          |               17 |             32 |
| ~U8/clk_BUFG                   | U5/Datadn                           |                                 |               20 |             32 |
|  U8/points_BUFG[19]            |                                     |                                 |               15 |             32 |
| ~U8/points_BUFG[19]            |                                     |                                 |               17 |             32 |
| ~U8/clk_BUFG                   | U5/Dataup                           |                                 |               18 |             32 |
|  CPUClk_BUFG                   |                                     | U9/rst                          |                8 |             32 |
|  CPUClk_BUFG                   | U2/E[0]                             | U9/rst                          |               18 |             32 |
|  CPUClk_BUFG                   | U2/register_reg[11][31][0]          | U9/rst                          |               15 |             32 |
|  CPUClk_BUFG                   | U2/register_reg[7][31][0]           | U9/rst                          |               26 |             32 |
|  CPUClk_BUFG                   | U2/register_reg[15][31][0]          | U9/rst                          |               23 |             32 |
|  CPUClk_BUFG                   | U2/register_reg[14][31][0]          | U9/rst                          |               17 |             32 |
|  clk_100mhz_IBUF_BUFG          | U10/counter0_Lock                   | U9/rst                          |               15 |             32 |
|  clk_100mhz_IBUF_BUFG          | U10/counter0[31]_i_1_n_0            | U9/rst                          |               18 |             32 |
|  CPUClk_BUFG                   | U2/register_reg[27][31][0]          | U9/rst                          |               18 |             32 |
|  CPUClk_BUFG                   | U2/register_reg[2][31][0]           | U9/rst                          |               14 |             32 |
|  CPUClk_BUFG                   | U2/register_reg[9][31][0]           | U9/rst                          |               21 |             32 |
|  clk_100mhz_IBUF_BUFG          | U9/rst_counter                      | U9/counter1[0]_i_1_n_0          |                8 |             32 |
|  CPUClk_BUFG                   | U2/register_reg[26][31][0]          | U9/rst                          |               20 |             32 |
| ~clk_100mhz_IBUF_BUFG          | U1/ascii_code_reg[3]                |                                 |               11 |             44 |
| ~clk_100mhz_IBUF_BUFG          | U11/__1/MEMBUF_reg_0_63_0_2_i_5_n_0 |                                 |               11 |             44 |
|  clk_100mhz_IBUF_BUFG          | U11/U12/should_latch_debug_data     |                                 |                6 |             48 |
|  U6/PT7SEG/sh_clk              | U6/PT7SEG/Q[63]_i_1_n_0             |                                 |               19 |             63 |
|  clk_100mhz_IBUF_BUFG          |                                     |                                 |               49 |            107 |
+--------------------------------+-------------------------------------+---------------------------------+------------------+----------------+


+--------+-----------------------+
| Fanout | Number of ControlSets |
+--------+-----------------------+
| 2      |                     2 |
| 3      |                     2 |
| 4      |                    11 |
| 5      |                     1 |
| 6      |                     1 |
| 7      |                     1 |
| 8      |                     1 |
| 9      |                     2 |
| 10     |                     1 |
| 12     |                     1 |
| 16+    |                    51 |
+--------+-----------------------+


